// Game: GenericEngine
// Format: Standard
// entity 0
{
"classname" "worldspawn"
"_tb_textures" "textures;textures\brushes"
// brush 0
{
( -560 992 16 ) ( -560 -64 16 ) ( -560 -64 -16 ) brushes/ground_pbr 0 0 0 0.17 0.17
( -560 -64 16 ) ( 624 -64 16 ) ( 624 -64 -16 ) brushes/ground_pbr 0 0 0 0.17 0.17
( 624 -64 -16 ) ( 624 992 -16 ) ( -560 992 -16 ) brushes/ground_pbr 0 0 0 0.17 0.17
( -560 992 16 ) ( 624 992 16 ) ( 624 -64 16 ) brushes/ground_pbr 0 0 0 0.17 0.17
( 624 992 -16 ) ( 624 992 16 ) ( -560 992 16 ) brushes/ground_pbr 0 0 0 0.17 0.17
( 624 -64 16 ) ( 624 992 16 ) ( 624 992 -16 ) brushes/ground_pbr 0 0 0 0.17 0.17
}
}
// entity 1
{
"classname" "camera_target"
"origin" "200 488 24"
"targetname" "camera_target"
}
// entity 2
{
"classname" "camera_point"
"origin" "-472 488 216"
}
// entity 3
{
"classname" "music_player"
"origin" "127 191 31"
"soundFileName" ""
"eventName" "event:/Music/MainMenu"
"volume" "1"
"targetname" "music"
"bankName" "Music.bank"
}
// entity 4
{
"classname" "event_start"
"origin" "218 186 106"
"targetname" ""
"target" "music"
"actionName" "play"
}
// entity 5
{
"classname" "light_point"
"origin" "-175 545 31"
"intensity" "1"
"radius" "5"
}
// entity 6
{
"classname" "main_menu"
"origin" "-58 522 26"
}
